 agent deck  _test                                                                    1 working · 1 to review · 1 error 
                                                                                                                        
   enck-os 1                               │ review pricing page                                                        
   • calendar polish             just now  │ to review · claude · teamshift · just now                                  
   teamshift 3                             │ ~/dev/teamshift                                                            
   • fix login flow              just now  │                                                                            
   • review pricing page         just now  │ claude                                                                     
   • sync leads                  just now  │ Status:  ○ Not connected                                                   
                                           │ Model:   tool default                                                      
                                           │                                                                            
                                           │                                                                            
                                           │ output                                                                     
                                           │ Loading preview...                                                         
                                           │                                                                            
                                           │                                                                            
                                           │                                                                            
                                           │                                                                            
                                           │                                                                            
                                           │                                                                            
                                           │                                                                            
                                           │                                                                            
                                           │                                                                            
                                           │                                                                            
                                           │                                                                            
                                           │                                                                            
                                           │                                                                            
                                           │                                                                            
                                           │                                                                            
                                           │                                                                            
                                           │                                                                            
                                                                                                                        
 n new   ↵ open   / search   ? help   q quit                                                                            