 agent deck  _test                            1 working · 1 to review · 1 error 
                                                                                
 › enck-os 1                 │ sync leads                                       
   teamshift 3               │ error · claude · teamshift · just now            
   • fix login flow          │ ~/dev/teamshift                                  
   • review pricing page     │                                                  
   • sync leads              │ claude                                           
                             │ Status:  ○ Not connected                         
                             │ Model:   tool default                            
                             │                                                  
                             │ not running                                      
                             │ R restart · d delete                             
                             │                                                  
                             │                                                  
                             │                                                  
                             │                                                  
                             │                                                  
                             │                                                  
                             │                                                  
                             │                                                  
                             │                                                  
                             │                                                  
                                                                                
 n new   ↵ open   / search   ? help   q quit                                    